../Core/Src/main.c:169:8:getDayinDecimals	72	static
../Core/Src/main.c:180:8:getJulianDay	56	static
../Core/Src/main.c:196:8:getJulianEphemerisDay	24	static
../Core/Src/main.c:202:8:getJulianCentury	24	static
../Core/Src/main.c:208:8:getJulianEphemerisCentury	24	static
../Core/Src/main.c:214:8:getJulianEphemerisMillenium	24	static
../Core/Src/main.c:221:12:initL0	4	static
../Core/Src/main.c:293:12:initL1	4	static
../Core/Src/main.c:336:12:initL2	4	static
../Core/Src/main.c:364:12:initL3	4	static
../Core/Src/main.c:379:12:initL4	4	static
../Core/Src/main.c:390:12:initL5	4	static
../Core/Src/main.c:399:8:getL0	56	static
../Core/Src/main.c:409:8:getL1	56	static
../Core/Src/main.c:419:8:getL2	56	static
../Core/Src/main.c:429:8:getL3	56	static
../Core/Src/main.c:439:8:getL4	56	static
../Core/Src/main.c:449:8:getL5	56	static
../Core/Src/main.c:459:8:getHeliocentricLongitude	88	static
../Core/Src/main.c:480:12:initB0	4	static
../Core/Src/main.c:493:12:initB1	4	static
../Core/Src/main.c:503:8:getB0	56	static
../Core/Src/main.c:513:8:getB1	56	static
../Core/Src/main.c:523:8:getHeliocentricLatitude	40	static
../Core/Src/main.c:533:12:initR0	4	static
../Core/Src/main.c:582:12:initR1	4	static
../Core/Src/main.c:600:12:initR2	4	static
../Core/Src/main.c:615:12:initR3	4	static
../Core/Src/main.c:625:12:initR4	4	static
../Core/Src/main.c:634:8:getR0	56	static
../Core/Src/main.c:644:8:getR1	56	static
../Core/Src/main.c:654:8:getR2	56	static
../Core/Src/main.c:664:8:getR3	56	static
../Core/Src/main.c:674:8:getR4	56	static
../Core/Src/main.c:684:8:getEarthRadiusVector	72	static
../Core/Src/main.c:691:8:getGeocentricLongitude	32	static
../Core/Src/main.c:710:8:getMeanElongation_MoonFromSun	32	static
../Core/Src/main.c:718:8:getMeanAnomalySun	32	static
../Core/Src/main.c:726:8:getMeanAnomalyMoon	32	static
../Core/Src/main.c:734:8:getMoonLatitudeArgument	32	static
../Core/Src/main.c:742:8:getMoonAscendingNode	32	static
../Core/Src/main.c:750:9:getNutation	104	static
../Core/Src/main.c:771:8:getMeanObliquity	32	static
../Core/Src/main.c:779:8:getApparentSiderealTime	72	static
../Core/Src/main.c:800:8:getSunRightAscension	72	static
../Core/Src/main.c:824:8:getSunDeclination	56	static
../Core/Src/main.c:836:8:getObserverLocalHourAngle	48	static
../Core/Src/main.c:853:8:getEquatorialHorizontalParallax	24	static
../Core/Src/main.c:860:8:helper_getU	24	static
../Core/Src/main.c:867:8:helper_getX	56	static
../Core/Src/main.c:877:8:helper_getY	56	static
../Core/Src/main.c:887:8:getParallax_SunRightAscension	80	static
../Core/Src/main.c:903:8:getTopocentricSunRightAscension	32	static
../Core/Src/main.c:910:8:getTopocentricSunDeclination	96	static
../Core/Src/main.c:928:8:getTopocentricLocalHourAngle	32	static
../Core/Src/main.c:935:8:getIncompleteElevationAngle	56	static
../Core/Src/main.c:947:8:getAtmosphericRefractionCorrection	56	static
../Core/Src/main.c:959:8:getTopocentricElevationAngle	32	static
../Core/Src/main.c:966:8:getTopocentricZenithAngle	24	static
../Core/Src/main.c:973:8:getTopocentricAzimuthAngle	72	static
../Core/Src/main.c:1012:7:calculateAngleAdjustment	16	static
../Core/Src/main.c:1017:7:decideAdjustment	24	static
../Core/Src/main.c:1136:5:main	104	static
../Core/Src/main.c:1269:6:lightFollowOnlyMode	32	static
../Core/Src/main.c:1330:6:bluetoothSend	8	static
../Core/Src/main.c:1336:6:rotateMotorRod	24	static
../Core/Src/main.c:1349:6:rotateMotorSusan	24	static
../Core/Src/main.c:1362:6:setClockwiseRod	8	static
../Core/Src/main.c:1366:6:setClockwiseSusan	8	static
../Core/Src/main.c:1370:6:setCounterClockwiseRod	8	static
../Core/Src/main.c:1374:6:setCounterClockwiseSusan	8	static
../Core/Src/main.c:1378:6:microDelay	16	static
../Core/Src/main.c:1384:6:setupMotorRod	8	static
../Core/Src/main.c:1389:6:setupMotorSusan	8	static
../Core/Src/main.c:1394:6:turnOffMotorRod	8	static
../Core/Src/main.c:1398:6:turnOffMotorSusan	8	static
../Core/Src/main.c:1403:6:setupLightSensor	32	static
../Core/Src/main.c:1411:7:getLightData	56	static
../Core/Src/main.c:1436:7:getSolarPanelVoltage	32	static
../Core/Src/main.c:1455:6:getGpsData	240	static
../Core/Src/main.c:1593:7:magnetometerData	56	static
../Core/Src/main.c:1611:6:setupMag	24	static
../Core/Src/main.c:1686:6:hardIronCal	56	static
../Core/Src/main.c:1743:7:getDirectionAngle	48	static
../Core/Src/main.c:1761:6:SystemClock_Config	88	static
../Core/Src/main.c:1808:13:MX_ADC1_Init	24	static
../Core/Src/main.c:1860:13:MX_I2C1_Init	8	static
../Core/Src/main.c:1894:13:MX_I2C3_Init	8	static
../Core/Src/main.c:1928:13:MX_TIM1_Init	32	static
../Core/Src/main.c:1974:13:MX_USART1_UART_Init	8	static
../Core/Src/main.c:2007:13:MX_GPIO_Init	48	static
../Core/Src/main.c:2081:6:Error_Handler	4	static,ignoring_inline_asm
