../Core/Src/main.c:119:5:main	88	static
../Core/Src/main.c:187:6:lightFollowOnlyMode	24	static
../Core/Src/main.c:219:7:calculateAngleAdjustment	16	static
../Core/Src/main.c:224:7:decideAdjustment	24	static
../Core/Src/main.c:255:6:rotateMotorRod	24	static
../Core/Src/main.c:268:6:rotateMotorSusan	24	static
../Core/Src/main.c:281:6:setClockwiseRod	8	static
../Core/Src/main.c:285:6:setClockwiseSusan	8	static
../Core/Src/main.c:289:6:setCounterClockwiseRod	8	static
../Core/Src/main.c:293:6:setCounterClockwiseSusan	8	static
../Core/Src/main.c:297:6:microDelay	16	static
../Core/Src/main.c:303:6:setupMotorRod	8	static
../Core/Src/main.c:308:6:setupMotorSusan	8	static
../Core/Src/main.c:313:6:turnOffMotorRod	8	static
../Core/Src/main.c:317:6:turnOffMotorSusan	8	static
../Core/Src/main.c:322:6:setupLightSensor	32	static
../Core/Src/main.c:330:7:getLightData	56	static
../Core/Src/main.c:355:7:getSolarPanelVoltage	32	static
../Core/Src/main.c:374:6:getGpsData	240	static
../Core/Src/main.c:512:7:magnetometerData	56	static
../Core/Src/main.c:530:6:setupMag	24	static
../Core/Src/main.c:605:6:hardIronCal	56	static
../Core/Src/main.c:662:7:getDirectionAngle	48	static
../Core/Src/main.c:680:6:SystemClock_Config	88	static
../Core/Src/main.c:727:13:MX_ADC1_Init	24	static
../Core/Src/main.c:779:13:MX_I2C1_Init	8	static
../Core/Src/main.c:813:13:MX_I2C3_Init	8	static
../Core/Src/main.c:847:13:MX_TIM1_Init	32	static
../Core/Src/main.c:893:13:MX_USART1_UART_Init	8	static
../Core/Src/main.c:926:13:MX_GPIO_Init	48	static
../Core/Src/main.c:1000:6:Error_Handler	4	static,ignoring_inline_asm
