../Core/Src/main.c:114:5:main	88	static
../Core/Src/main.c:201:6:rotateMotorRod	24	static
../Core/Src/main.c:214:6:rotateMotorSusan	24	static
../Core/Src/main.c:227:6:setClockwiseRod	8	static
../Core/Src/main.c:231:6:setClockwiseSusan	8	static
../Core/Src/main.c:235:6:setCounterClockwiseRod	8	static
../Core/Src/main.c:239:6:setCounterClockwiseSusan	8	static
../Core/Src/main.c:243:6:microDelay	16	static
../Core/Src/main.c:249:6:setupMotorRod	8	static
../Core/Src/main.c:254:6:setupMotorSusan	8	static
../Core/Src/main.c:259:6:turnOffMotorRod	8	static
../Core/Src/main.c:263:6:turnOffMotorSusan	8	static
../Core/Src/main.c:268:6:setupLightSensor	32	static
../Core/Src/main.c:276:7:getLightData	56	static
../Core/Src/main.c:301:7:getSolarPanelVoltage	32	static
../Core/Src/main.c:320:6:getGpsData	240	static
../Core/Src/main.c:458:7:magnetometerData	56	static
../Core/Src/main.c:476:6:setupMag	24	static
../Core/Src/main.c:551:6:hardIronCal	56	static
../Core/Src/main.c:607:7:getDirectionAngle	48	static
../Core/Src/main.c:625:6:SystemClock_Config	88	static
../Core/Src/main.c:672:13:MX_ADC1_Init	24	static
../Core/Src/main.c:724:13:MX_I2C1_Init	8	static
../Core/Src/main.c:758:13:MX_I2C3_Init	8	static
../Core/Src/main.c:792:13:MX_TIM1_Init	32	static
../Core/Src/main.c:838:13:MX_USART1_UART_Init	8	static
../Core/Src/main.c:871:13:MX_GPIO_Init	48	static
../Core/Src/main.c:945:6:Error_Handler	4	static,ignoring_inline_asm
