../Core/Src/main.c:72:5:main	88	static
../Core/Src/main.c:144:6:bluetoothSend	232	static
../Core/Src/main.c:154:6:setupLightSensor	32	static
../Core/Src/main.c:162:7:getLightData	64	static
../Core/Src/main.c:191:7:getSolarPanelVoltage	64	static
../Core/Src/main.c:215:6:getGpsData	240	static
../Core/Src/main.c:361:7:magnetometerData	56	static
../Core/Src/main.c:380:6:setupMag	24	static
../Core/Src/main.c:455:6:hardIronCal	120	static
../Core/Src/main.c:519:7:getDirectionAngle	64	static
../Core/Src/main.c:540:6:printDirection	144	static
../Core/Src/main.c:594:6:SystemClock_Config	88	static
../Core/Src/main.c:641:13:MX_ADC1_Init	24	static
../Core/Src/main.c:693:13:MX_I2C1_Init	8	static
../Core/Src/main.c:727:13:MX_TIM1_Init	32	static
../Core/Src/main.c:773:13:MX_USART1_UART_Init	8	static
../Core/Src/main.c:806:13:MX_USART2_UART_Init	8	static
../Core/Src/main.c:839:13:MX_GPIO_Init	48	static
../Core/Src/main.c:902:6:Error_Handler	4	static,ignoring_inline_asm
