../Core/Src/main.c:95:5:main	96	static
../Core/Src/main.c:182:6:rotateMotor	24	static
../Core/Src/main.c:195:6:setClockwise	8	static
../Core/Src/main.c:199:6:setCounterClockwise	8	static
../Core/Src/main.c:203:6:microDelay	16	static
../Core/Src/main.c:209:6:setupMotor	8	static
../Core/Src/main.c:214:6:turnOffMotor	8	static
../Core/Src/main.c:218:6:bluetoothSend	232	static
../Core/Src/main.c:228:6:setupLightSensor	32	static
../Core/Src/main.c:236:7:getLightData	64	static
../Core/Src/main.c:265:7:getSolarPanelVoltage	64	static
../Core/Src/main.c:289:6:getGpsData	240	static
../Core/Src/main.c:435:7:magnetometerData	56	static
../Core/Src/main.c:454:6:setupMag	24	static
../Core/Src/main.c:529:6:hardIronCal	120	static
../Core/Src/main.c:593:7:getDirectionAngle	64	static
../Core/Src/main.c:614:6:printDirection	144	static
../Core/Src/main.c:668:6:SystemClock_Config	88	static
../Core/Src/main.c:715:13:MX_ADC1_Init	24	static
../Core/Src/main.c:767:13:MX_I2C1_Init	8	static
../Core/Src/main.c:801:13:MX_TIM1_Init	32	static
../Core/Src/main.c:847:13:MX_USART1_UART_Init	8	static
../Core/Src/main.c:880:13:MX_USART2_UART_Init	8	static
../Core/Src/main.c:913:13:MX_GPIO_Init	48	static
../Core/Src/main.c:976:6:Error_Handler	4	static,ignoring_inline_asm
