../Core/Src/main.c:34:5:main	24	static
../Core/Src/main.c:59:7:magnetometerData	56	static
../Core/Src/main.c:80:6:setupMag	24	static
../Core/Src/main.c:155:6:hardIronCal	120	static
../Core/Src/main.c:219:7:getDirectionAngle	64	static
../Core/Src/main.c:240:6:printDirection	144	static
../Core/Src/main.c:298:6:SystemClock_Config	88	static
../Core/Src/main.c:345:13:MX_I2C1_Init	8	static
../Core/Src/main.c:379:13:MX_USART2_UART_Init	8	static
../Core/Src/main.c:412:13:MX_GPIO_Init	48	static
../Core/Src/main.c:452:6:Error_Handler	4	static,ignoring_inline_asm
