../Core/Src/main.c:33:5:main	48	static
../Core/Src/main.c:77:6:setupMag	24	static
../Core/Src/main.c:152:6:hardIronCal	120	static
../Core/Src/main.c:216:7:getDirectionAngle	64	static
../Core/Src/main.c:237:6:printDirection	144	static
../Core/Src/main.c:295:6:SystemClock_Config	88	static
../Core/Src/main.c:342:13:MX_I2C1_Init	8	static
../Core/Src/main.c:376:13:MX_USART2_UART_Init	8	static
../Core/Src/main.c:409:13:MX_GPIO_Init	48	static
../Core/Src/main.c:449:6:Error_Handler	4	static,ignoring_inline_asm
