../Core/Src/main.c:41:5:main	64	static
../Core/Src/main.c:82:6:getGpsData	240	static
../Core/Src/main.c:229:7:magnetometerData	56	static
../Core/Src/main.c:250:6:setupMag	24	static
../Core/Src/main.c:325:6:hardIronCal	120	static
../Core/Src/main.c:389:7:getDirectionAngle	64	static
../Core/Src/main.c:410:6:printDirection	144	static
../Core/Src/main.c:468:6:SystemClock_Config	88	static
../Core/Src/main.c:515:13:MX_I2C1_Init	8	static
../Core/Src/main.c:549:13:MX_USART2_UART_Init	8	static
../Core/Src/main.c:582:13:MX_GPIO_Init	48	static
../Core/Src/main.c:622:6:Error_Handler	4	static,ignoring_inline_asm
