../Core/Src/main.c:41:5:main	64	static
../Core/Src/main.c:77:6:getGpsData	240	static
../Core/Src/main.c:224:7:magnetometerData	56	static
../Core/Src/main.c:245:6:setupMag	24	static
../Core/Src/main.c:320:6:hardIronCal	120	static
../Core/Src/main.c:384:7:getDirectionAngle	64	static
../Core/Src/main.c:405:6:printDirection	144	static
../Core/Src/main.c:463:6:SystemClock_Config	88	static
../Core/Src/main.c:510:13:MX_I2C1_Init	8	static
../Core/Src/main.c:544:13:MX_USART2_UART_Init	8	static
../Core/Src/main.c:577:13:MX_GPIO_Init	48	static
../Core/Src/main.c:617:6:Error_Handler	4	static,ignoring_inline_asm
